Archive member included to satisfy reference by file (symbol)

/nethome/mchang87/Projects/RRAM/atmega16u2/avr8-gnu-toolchain-linux_x86_64/bin/../lib/gcc/avr/5.4.0/avr35/libgcc.a(_udivmodsi4.o)
                              rram-usbserial.o (__udivmodsi4)
/nethome/mchang87/Projects/RRAM/atmega16u2/avr8-gnu-toolchain-linux_x86_64/bin/../lib/gcc/avr/5.4.0/avr35/libgcc.a(_exit.o)
                              /nethome/mchang87/Projects/RRAM/atmega16u2/avr8-gnu-toolchain-linux_x86_64/bin/../lib/gcc/avr/5.4.0/../../../../avr/lib/avr35/crtatmega16u2.o (exit)
/nethome/mchang87/Projects/RRAM/atmega16u2/avr8-gnu-toolchain-linux_x86_64/bin/../lib/gcc/avr/5.4.0/avr35/libgcc.a(_tablejump2.o)
                              ../../LUFA/Drivers/USB/HighLevel/DeviceStandardReq.o (__tablejump2__)
/nethome/mchang87/Projects/RRAM/atmega16u2/avr8-gnu-toolchain-linux_x86_64/bin/../lib/gcc/avr/5.4.0/avr35/libgcc.a(_copy_data.o)
                              rram-usbserial.o (__do_copy_data)
/nethome/mchang87/Projects/RRAM/atmega16u2/avr8-gnu-toolchain-linux_x86_64/bin/../lib/gcc/avr/5.4.0/avr35/libgcc.a(_clear_bss.o)
                              rram-usbserial.o (__do_clear_bss)
/nethome/mchang87/Projects/RRAM/atmega16u2/avr8-gnu-toolchain-linux_x86_64/bin/../lib/gcc/avr/5.4.0/../../../../avr/lib/avr35/libc.a(memcpy_P.o)
                              ../../LUFA/Drivers/USB/Class/Device/RNDIS.o (memcpy_P)
/nethome/mchang87/Projects/RRAM/atmega16u2/avr8-gnu-toolchain-linux_x86_64/bin/../lib/gcc/avr/5.4.0/../../../../avr/lib/avr35/libc.a(memcmp.o)
                              ../../LUFA/Drivers/USB/Class/Device/HID.o (memcmp)
/nethome/mchang87/Projects/RRAM/atmega16u2/avr8-gnu-toolchain-linux_x86_64/bin/../lib/gcc/avr/5.4.0/../../../../avr/lib/avr35/libc.a(memcpy.o)
                              ../../LUFA/Drivers/USB/Class/Device/HID.o (memcpy)
/nethome/mchang87/Projects/RRAM/atmega16u2/avr8-gnu-toolchain-linux_x86_64/bin/../lib/gcc/avr/5.4.0/../../../../avr/lib/avr35/libc.a(memset.o)
                              ../../LUFA/Drivers/USB/Class/Device/HID.o (memset)
/nethome/mchang87/Projects/RRAM/atmega16u2/avr8-gnu-toolchain-linux_x86_64/bin/../lib/gcc/avr/5.4.0/../../../../avr/lib/avr35/libatmega16u2.a(eerd_byte.o)
                              ../../LUFA/Drivers/USB/HighLevel/EndpointStream.o (eeprom_read_byte)
/nethome/mchang87/Projects/RRAM/atmega16u2/avr8-gnu-toolchain-linux_x86_64/bin/../lib/gcc/avr/5.4.0/../../../../avr/lib/avr35/libatmega16u2.a(eeupd_byte.o)
                              ../../LUFA/Drivers/USB/HighLevel/EndpointStream.o (eeprom_update_byte)

Allocating common symbols
Common symbol       size              file

USB_IsInitialized   0x1               ../../LUFA/Drivers/USB/HighLevel/USBTask.o
TxLEDPulse          0x1               rram-usbserial.o
command             0x40              rram-usbserial.o
RxLEDPulse          0x1               rram-usbserial.o
USB_ControlRequest  0x8               ../../LUFA/Drivers/USB/HighLevel/USBTask.o
USB_ConfigurationNumber
                    0x1               ../../LUFA/Drivers/USB/HighLevel/DeviceStandardReq.o
USARTtoUSB_Buffer   0x86              rram-usbserial.o
USBtoUSART_Buffer   0x86              rram-usbserial.o

Discarded input sections

 .data          0x0000000000000000        0x0 /nethome/mchang87/Projects/RRAM/atmega16u2/avr8-gnu-toolchain-linux_x86_64/bin/../lib/gcc/avr/5.4.0/../../../../avr/lib/avr35/crtatmega16u2.o
 .bss           0x0000000000000000        0x0 /nethome/mchang87/Projects/RRAM/atmega16u2/avr8-gnu-toolchain-linux_x86_64/bin/../lib/gcc/avr/5.4.0/../../../../avr/lib/avr35/crtatmega16u2.o
 .text          0x0000000000000000        0x0 rram-usbserial.o
 .bss           0x0000000000000000        0x0 rram-usbserial.o
 .text.SW_PulseClock
                0x0000000000000000       0x18 rram-usbserial.o
 .text.SW_Send  0x0000000000000000       0x5c rram-usbserial.o
 .text.getParity
                0x0000000000000000       0x3c rram-usbserial.o
 .text.Write_Program
                0x0000000000000000       0xbe rram-usbserial.o
 .text          0x0000000000000000        0x0 Descriptors.o
 .data          0x0000000000000000        0x0 Descriptors.o
 .bss           0x0000000000000000        0x0 Descriptors.o
 .text          0x0000000000000000        0x0 ../../LUFA/Drivers/USB/LowLevel/Device.o
 .data          0x0000000000000000        0x0 ../../LUFA/Drivers/USB/LowLevel/Device.o
 .bss           0x0000000000000000        0x0 ../../LUFA/Drivers/USB/LowLevel/Device.o
 .text.USB_Device_SendRemoteWakeup
                0x0000000000000000       0x2e ../../LUFA/Drivers/USB/LowLevel/Device.o
 .debug_info    0x0000000000000000       0xd2 ../../LUFA/Drivers/USB/LowLevel/Device.o
 .debug_abbrev  0x0000000000000000       0x80 ../../LUFA/Drivers/USB/LowLevel/Device.o
 .debug_aranges
                0x0000000000000000       0x20 ../../LUFA/Drivers/USB/LowLevel/Device.o
 .debug_ranges  0x0000000000000000       0x10 ../../LUFA/Drivers/USB/LowLevel/Device.o
[...]
Memory Configuration

Name             Origin             Length             Attributes
text             0x0000000000000000 0x0000000000004000 xr
data             0x0000000000800100 0x0000000000000200 rw !x
eeprom           0x0000000000810000 0x0000000000000200 rw !x
fuse             0x0000000000820000 0x0000000000000003 rw !x
lock             0x0000000000830000 0x0000000000000400 rw !x
signature        0x0000000000840000 0x0000000000000400 rw !x
user_signatures  0x0000000000850000 0x0000000000000400 rw !x
*default*        0x0000000000000000 0xffffffffffffffff

Linker script and memory map

Address of section .data set to 0x800100
LOAD /nethome/mchang87/Projects/RRAM/atmega16u2/avr8-gnu-toolchain-linux_x86_64/bin/../lib/gcc/avr/5.4.0/../../../../avr/lib/avr35/crtatmega16u2.o
LOAD rram-usbserial.o
LOAD Descriptors.o
LOAD ../../LUFA/Drivers/USB/LowLevel/Device.o
LOAD ../../LUFA/Drivers/USB/LowLevel/Endpoint.o
LOAD ../../LUFA/Drivers/USB/LowLevel/Host.o
LOAD ../../LUFA/Drivers/USB/LowLevel/Pipe.o
LOAD ../../LUFA/Drivers/USB/LowLevel/USBController.o
LOAD ../../LUFA/Drivers/USB/LowLevel/USBInterrupt.o
LOAD ../../LUFA/Drivers/USB/HighLevel/ConfigDescriptor.o
LOAD ../../LUFA/Drivers/USB/HighLevel/DeviceStandardReq.o
LOAD ../../LUFA/Drivers/USB/HighLevel/Events.o
LOAD ../../LUFA/Drivers/USB/HighLevel/EndpointStream.o
LOAD ../../LUFA/Drivers/USB/HighLevel/HostStandardReq.o
LOAD ../../LUFA/Drivers/USB/HighLevel/PipeStream.o
LOAD ../../LUFA/Drivers/USB/HighLevel/USBTask.o
LOAD ../../LUFA/Drivers/USB/Class/Host/HIDParser.o
LOAD ../../LUFA/Drivers/USB/Class/Device/Audio.o
LOAD ../../LUFA/Drivers/USB/Class/Device/CDC.o
LOAD ../../LUFA/Drivers/USB/Class/Device/HID.o
LOAD ../../LUFA/Drivers/USB/Class/Device/MassStorage.o
LOAD ../../LUFA/Drivers/USB/Class/Device/MIDI.o
LOAD ../../LUFA/Drivers/USB/Class/Device/RNDIS.o
LOAD ../../LUFA/Drivers/USB/Class/Host/CDC.o
LOAD ../../LUFA/Drivers/USB/Class/Host/HID.o
LOAD ../../LUFA/Drivers/USB/Class/Host/MassStorage.o
LOAD ../../LUFA/Drivers/USB/Class/Host/MIDI.o
LOAD ../../LUFA/Drivers/USB/Class/Host/Printer.o
LOAD ../../LUFA/Drivers/USB/Class/Host/RNDIS.o
LOAD ../../LUFA/Drivers/USB/Class/Host/StillImage.o
LOAD /nethome/mchang87/Projects/RRAM/atmega16u2/avr8-gnu-toolchain-linux_x86_64/bin/../lib/gcc/avr/5.4.0/../../../../avr/lib/avr35/libm.a
START GROUP
LOAD /nethome/mchang87/Projects/RRAM/atmega16u2/avr8-gnu-toolchain-linux_x86_64/bin/../lib/gcc/avr/5.4.0/avr35/libgcc.a
LOAD /nethome/mchang87/Projects/RRAM/atmega16u2/avr8-gnu-toolchain-linux_x86_64/bin/../lib/gcc/avr/5.4.0/../../../../avr/lib/avr35/libm.a
LOAD /nethome/mchang87/Projects/RRAM/atmega16u2/avr8-gnu-toolchain-linux_x86_64/bin/../lib/gcc/avr/5.4.0/../../../../avr/lib/avr35/libc.a
LOAD /nethome/mchang87/Projects/RRAM/atmega16u2/avr8-gnu-toolchain-linux_x86_64/bin/../lib/gcc/avr/5.4.0/../../../../avr/lib/avr35/libatmega16u2.a
END GROUP
                0x0000000000000000                __TEXT_REGION_ORIGIN__ = DEFINED (__TEXT_REGION_ORIGIN__)?__TEXT_REGION_ORIGIN__:0x0
                [0x0000000000800100]                __DATA_REGION_ORIGIN__ = DEFINED (__DATA_REGION_ORIGIN__)?__DATA_REGION_ORIGIN__:0x800060
                [0x0000000000004000]                __TEXT_REGION_LENGTH__ = DEFINED (__TEXT_REGION_LENGTH__)?__TEXT_REGION_LENGTH__:0x10000
                [0x0000000000000200]                __DATA_REGION_LENGTH__ = DEFINED (__DATA_REGION_LENGTH__)?__DATA_REGION_LENGTH__:0xffa0
                [0x0000000000000200]                __EEPROM_REGION_LENGTH__ = DEFINED (__EEPROM_REGION_LENGTH__)?__EEPROM_REGION_LENGTH__:0x10000
                [0x0000000000000003]                __FUSE_REGION_LENGTH__ = DEFINED (__FUSE_REGION_LENGTH__)?__FUSE_REGION_LENGTH__:0x400
                0x0000000000000400                __LOCK_REGION_LENGTH__ = DEFINED (__LOCK_REGION_LENGTH__)?__LOCK_REGION_LENGTH__:0x400
                0x0000000000000400                __SIGNATURE_REGION_LENGTH__ = DEFINED (__SIGNATURE_REGION_LENGTH__)?__SIGNATURE_REGION_LENGTH__:0x400
                0x0000000000000400                __USER_SIGNATURE_REGION_LENGTH__ = DEFINED (__USER_SIGNATURE_REGION_LENGTH__)?__USER_SIGNATURE_REGION_LENGTH__:0x400

.hash
 *(.hash)

.dynsym
 *(.dynsym)

.dynstr
 *(.dynstr)

.gnu.version
 *(.gnu.version)

.gnu.version_d
 *(.gnu.version_d)

.gnu.version_r
 *(.gnu.version_r)

.rel.init
 *(.rel.init)

.rela.init
 *(.rela.init)

.rel.text
 *(.rel.text)
 *(.rel.text.*)
 *(.rel.gnu.linkonce.t*)

.rela.text
 *(.rela.text)
 *(.rela.text.*)
 *(.rela.gnu.linkonce.t*)

.rel.fini
 *(.rel.fini)

.rela.fini
 *(.rela.fini)

.rel.rodata
 *(.rel.rodata)
 *(.rel.rodata.*)
 *(.rel.gnu.linkonce.r*)

.rela.rodata
 *(.rela.rodata)
 *(.rela.rodata.*)
 *(.rela.gnu.linkonce.r*)

.rel.data
 *(.rel.data)
 *(.rel.data.*)
 *(.rel.gnu.linkonce.d*)

.rela.data
 *(.rela.data)
 *(.rela.data.*)
 *(.rela.gnu.linkonce.d*)

.rel.ctors
 *(.rel.ctors)

.rela.ctors
 *(.rela.ctors)

.rel.dtors
 *(.rel.dtors)

.rela.dtors
 *(.rela.dtors)

.rel.got
 *(.rel.got)

.rela.got
 *(.rela.got)

.rel.bss
 *(.rel.bss)

.rela.bss
 *(.rela.bss)

.rel.plt
 *(.rel.plt)

.rela.plt
 *(.rela.plt)

.text           0x0000000000000000     0x115a
 *(.vectors)
 .vectors       0x0000000000000000       0x74 /nethome/mchang87/Projects/RRAM/atmega16u2/avr8-gnu-toolchain-linux_x86_64/bin/../lib/gcc/avr/5.4.0/../../../../avr/lib/avr35/crtatmega16u2.o
                0x0000000000000000                __vectors
                0x0000000000000000                __vector_default
 *(.vectors)
 *(.progmem.gcc*)
 .progmem.gcc_sw_table.USB_Device_ProcessControlRequest
                0x0000000000000074       0x14 ../../LUFA/Drivers/USB/HighLevel/DeviceStandardReq.o
                0x0000000000000088                . = ALIGN (0x2)
                0x0000000000000088                __trampolines_start = .
 *(.trampolines)
 .trampolines   0x0000000000000088        0x0 linker stubs
 *(.trampolines*)
                0x0000000000000088                __trampolines_end = .
 *libprintf_flt.a:*(.progmem.data)
 *libc.a:*(.progmem.data)
 *(.progmem*)
 .progmem.data  0x0000000000000088       0x8c Descriptors.o
                0x0000000000000088                ProductString
                0x00000000000000b2                ManufacturerString
                0x00000000000000c0                LanguageString
                0x00000000000000c4                ConfigurationDescriptor
                0x0000000000000102                DeviceDescriptor
                0x0000000000000114                . = ALIGN (0x2)
 *(.jumptables)
 *(.jumptables*)
 *(.lowtext)
 *(.lowtext*)
                0x0000000000000114                __ctors_start = .
 *(.ctors)
                0x0000000000000114                __ctors_end = .
                0x0000000000000114                __dtors_start = .
 *(.dtors)
                0x0000000000000114                __dtors_end = .
 SORT(*)(.ctors)
 SORT(*)(.dtors)
 *(.init0)
 .init0         0x0000000000000114        0x0 /nethome/mchang87/Projects/RRAM/atmega16u2/avr8-gnu-toolchain-linux_x86_64/bin/../lib/gcc/avr/5.4.0/../../../../avr/lib/avr35/crtatmega16u2.o
                0x0000000000000114                __init
 *(.init0)
 *(.init1)
 *(.init1)
 *(.init2)
 .init2         0x0000000000000114        0xc /nethome/mchang87/Projects/RRAM/atmega16u2/avr8-gnu-toolchain-linux_x86_64/bin/../lib/gcc/avr/5.4.0/../../../../avr/lib/avr35/crtatmega16u2.o
 *(.init2)
 *(.init3)
 *(.init3)
 *(.init4)
 .init4         0x0000000000000120       0x16 /nethome/mchang87/Projects/RRAM/atmega16u2/avr8-gnu-toolchain-linux_x86_64/bin/../lib/gcc/avr/5.4.0/avr35/libgcc.a(_copy_data.o)
                0x0000000000000120                __do_copy_data
 .init4         0x0000000000000136       0x10 /nethome/mchang87/Projects/RRAM/atmega16u2/avr8-gnu-toolchain-linux_x86_64/bin/../lib/gcc/avr/5.4.0/avr35/libgcc.a(_clear_bss.o)
                0x0000000000000136                __do_clear_bss
 *(.init4)
 *(.init5)
 *(.init5)
 *(.init6)
 *(.init6)
 *(.init7)
 *(.init7)
 *(.init8)
 *(.init8)
 *(.init9)
 .init9         0x0000000000000146        0x6 /nethome/mchang87/Projects/RRAM/atmega16u2/avr8-gnu-toolchain-linux_x86_64/bin/../lib/gcc/avr/5.4.0/../../../../avr/lib/avr35/crtatmega16u2.o
 *(.init9)
 *(.text)
 .text          0x000000000000014c        0x2 /nethome/mchang87/Projects/RRAM/atmega16u2/avr8-gnu-toolchain-linux_x86_64/bin/../lib/gcc/avr/5.4.0/../../../../avr/lib/avr35/crtatmega16u2.o
                0x000000000000014c                __vector_22
                0x000000000000014c                __vector_28
                0x000000000000014c                __vector_1
                0x000000000000014c                __vector_24
                0x000000000000014c                __bad_interrupt
                0x000000000000014c                __vector_6
                0x000000000000014c                __vector_3
                0x000000000000014c                __vector_25
                0x000000000000014c                __vector_13
                0x000000000000014c                __vector_17
                0x000000000000014c                __vector_19
                0x000000000000014c                __vector_7
                0x000000000000014c                __vector_27
                0x000000000000014c                __vector_5
                0x000000000000014c                __vector_4
                0x000000000000014c                __vector_2
                0x000000000000014c                __vector_21
                0x000000000000014c                __vector_15
                0x000000000000014c                __vector_8
                0x000000000000014c                __vector_26
                0x000000000000014c                __vector_14
                0x000000000000014c                __vector_16
                0x000000000000014c                __vector_18
                0x000000000000014c                __vector_20
                0x000000000000014e                . = ALIGN (0x2)
 *(.text.*)
 .text.RingBuffer_Insert
                0x000000000000014e       0x40 rram-usbserial.o
 .text.RingBuffer_Remove
                0x000000000000018e       0x40 rram-usbserial.o
 .text.I2C_StartTransmission
                0x00000000000001ce        0xe rram-usbserial.o
 .text.I2C_EndTransmission
                0x00000000000001dc        0xc rram-usbserial.o
 .text.I2C_SendByte
                0x00000000000001e8       0x3a rram-usbserial.o
 .text.PM_UpdateReg
                0x0000000000000222       0x78 rram-usbserial.o
 .text.__vector_9
                0x000000000000029a       0x14 rram-usbserial.o
                0x000000000000029a                __vector_9
 .text.__vector_10
                0x00000000000002ae       0xcc rram-usbserial.o
                0x00000000000002ae                __vector_10
 .text.SetupHardware
                0x000000000000037a      0x13e rram-usbserial.o
                0x000000000000037a                SetupHardware
 .text.startup.main
                0x00000000000004b8       0xd2 rram-usbserial.o
                0x00000000000004b8                main
 .text.EVENT_USB_Device_ConfigurationChanged
                0x000000000000058a        0x6 rram-usbserial.o
                0x000000000000058a                EVENT_USB_Device_ConfigurationChanged
 .text.EVENT_USB_Device_UnhandledControlRequest
                0x0000000000000590        0x6 rram-usbserial.o
                0x0000000000000590                EVENT_USB_Device_UnhandledControlRequest
 .text.EVENT_CDC_Device_LineEncodingChanged
                0x0000000000000596       0x82 rram-usbserial.o
                0x0000000000000596                EVENT_CDC_Device_LineEncodingChanged
 .text.EVENT_CDC_Device_ControLineStateChanged
                0x0000000000000618       0x2c rram-usbserial.o
                0x0000000000000618                EVENT_CDC_Device_ControLineStateChanged
 .text.__vector_23
                0x0000000000000644       0x4e rram-usbserial.o
                0x0000000000000644                __vector_23
 .text.CALLBACK_USB_GetDescriptor
                0x0000000000000692       0x60 Descriptors.o
                0x0000000000000692                CALLBACK_USB_GetDescriptor
 .text.Endpoint_ConfigureEndpoint_Prv
                0x00000000000006f2       0x26 ../../LUFA/Drivers/USB/LowLevel/Endpoint.o
                0x00000000000006f2                Endpoint_ConfigureEndpoint_Prv
 .text.Endpoint_ClearStatusStage
                0x0000000000000718       0x3a ../../LUFA/Drivers/USB/LowLevel/Endpoint.o
                0x0000000000000718                Endpoint_ClearStatusStage
 .text.Endpoint_WaitUntilReady
                0x0000000000000752       0x60 ../../LUFA/Drivers/USB/LowLevel/Endpoint.o
                0x0000000000000752                Endpoint_WaitUntilReady
 .text.USB_ResetInterface
                0x00000000000007b2       0x68 ../../LUFA/Drivers/USB/LowLevel/USBController.o
                0x00000000000007b2                USB_ResetInterface
 .text.USB_Init
                0x000000000000081a       0x12 ../../LUFA/Drivers/USB/LowLevel/USBController.o
                0x000000000000081a                USB_Init
 .text.USB_INT_DisableAllInterrupts
                0x000000000000082c        0x6 ../../LUFA/Drivers/USB/LowLevel/USBInterrupt.o
                0x000000000000082c                USB_INT_DisableAllInterrupts
 .text.USB_INT_ClearAllInterrupts
                0x0000000000000832        0x6 ../../LUFA/Drivers/USB/LowLevel/USBInterrupt.o
                0x0000000000000832                USB_INT_ClearAllInterrupts
 .text.__vector_11
                0x0000000000000838      0x154 ../../LUFA/Drivers/USB/LowLevel/USBInterrupt.o
                0x0000000000000838                __vector_11
 .text.__vector_12
                0x000000000000098c       0x82 ../../LUFA/Drivers/USB/LowLevel/USBInterrupt.o
                0x000000000000098c                __vector_12
 .text.USB_Device_ProcessControlRequest
                0x0000000000000a0e      0x27c ../../LUFA/Drivers/USB/HighLevel/DeviceStandardReq.o
                0x0000000000000a0e                USB_Device_ProcessControlRequest
 .text.USB_Event_Stub
                0x0000000000000c8a        0x2 ../../LUFA/Drivers/USB/HighLevel/Events.o
                0x0000000000000c8a                EVENT_USB_Device_Connect
                0x0000000000000c8a                EVENT_USB_Device_WakeUp
                0x0000000000000c8a                USB_Event_Stub
                0x0000000000000c8a                EVENT_USB_Device_Suspend
                0x0000000000000c8a                EVENT_USB_Device_StartOfFrame
                0x0000000000000c8a                EVENT_USB_Device_Disconnect
                0x0000000000000c8a                EVENT_USB_Device_Reset
 .text.Endpoint_Write_Control_Stream_LE
                0x0000000000000c8c       0xb0 ../../LUFA/Drivers/USB/HighLevel/EndpointStream.o
                0x0000000000000c8c                Endpoint_Write_Control_Stream_LE
 .text.Endpoint_Write_Control_PStream_LE
                0x0000000000000d3c       0xb6 ../../LUFA/Drivers/USB/HighLevel/EndpointStream.o
                0x0000000000000d3c                Endpoint_Write_Control_PStream_LE
 .text.Endpoint_Read_Control_Stream_LE
                0x0000000000000df2       0x6e ../../LUFA/Drivers/USB/HighLevel/EndpointStream.o
                0x0000000000000df2                Endpoint_Read_Control_Stream_LE
 .text.USB_USBTask
                0x0000000000000e60       0x22 ../../LUFA/Drivers/USB/HighLevel/USBTask.o
                0x0000000000000e60                USB_USBTask
 .text.CDC_Device_Event_Stub
                0x0000000000000e82        0x2 ../../LUFA/Drivers/USB/Class/Device/CDC.o
                0x0000000000000e82                EVENT_CDC_Device_BreakSent
                0x0000000000000e82                CDC_Device_Event_Stub
 .text.CDC_Device_ProcessControlRequest
                0x0000000000000e84       0xe0 ../../LUFA/Drivers/USB/Class/Device/CDC.o
                0x0000000000000e84                CDC_Device_ProcessControlRequest
 .text.CDC_Device_ConfigureEndpoints
                0x0000000000000f64       0x8e ../../LUFA/Drivers/USB/Class/Device/CDC.o
                0x0000000000000f64                CDC_Device_ConfigureEndpoints
 .text.CDC_Device_SendByte
                0x0000000000000ff2       0x52 ../../LUFA/Drivers/USB/Class/Device/CDC.o
                0x0000000000000ff2                CDC_Device_SendByte
 .text.CDC_Device_Flush
                0x0000000000001044       0x50 ../../LUFA/Drivers/USB/Class/Device/CDC.o
                0x0000000000001044                CDC_Device_Flush
 .text.CDC_Device_USBTask
                0x0000000000001094       0x1c ../../LUFA/Drivers/USB/Class/Device/CDC.o
                0x0000000000001094                CDC_Device_USBTask
 .text.CDC_Device_ReceiveByte
                0x00000000000010b0       0x56 ../../LUFA/Drivers/USB/Class/Device/CDC.o
                0x00000000000010b0                CDC_Device_ReceiveByte
 .text.libgcc.div
                0x0000000000001106       0x44 /nethome/mchang87/Projects/RRAM/atmega16u2/avr8-gnu-toolchain-linux_x86_64/bin/../lib/gcc/avr/5.4.0/avr35/libgcc.a(_udivmodsi4.o)
                0x0000000000001106                __udivmodsi4
 .text.libgcc   0x000000000000114a        0xc /nethome/mchang87/Projects/RRAM/atmega16u2/avr8-gnu-toolchain-linux_x86_64/bin/../lib/gcc/avr/5.4.0/avr35/libgcc.a(_tablejump2.o)
                0x000000000000114a                __tablejump2__
                0x0000000000001156                . = ALIGN (0x2)
 *(.fini9)
 .fini9         0x0000000000001156        0x0 /nethome/mchang87/Projects/RRAM/atmega16u2/avr8-gnu-toolchain-linux_x86_64/bin/../lib/gcc/avr/5.4.0/avr35/libgcc.a(_exit.o)
                0x0000000000001156                exit
                0x0000000000001156                _exit
 *(.fini9)
 *(.fini8)
 *(.fini8)
 *(.fini7)
 *(.fini7)
 *(.fini6)
 *(.fini6)
 *(.fini5)
 *(.fini5)
 *(.fini4)
 *(.fini4)
 *(.fini3)
 *(.fini3)
 *(.fini2)
 *(.fini2)
 *(.fini1)
 *(.fini1)
 *(.fini0)
 .fini0         0x0000000000001156        0x4 /nethome/mchang87/Projects/RRAM/atmega16u2/avr8-gnu-toolchain-linux_x86_64/bin/../lib/gcc/avr/5.4.0/avr35/libgcc.a(_exit.o)
 *(.fini0)
                0x000000000000115a                _etext = .

.data           0x0000000000800100       0x1e load address 0x000000000000115a
                0x0000000000800100                PROVIDE (__data_start, .)
 *(.data)
 .data          0x0000000000800100       0x16 rram-usbserial.o
                0x0000000000800100                VirtualSerial_CDC_Interface
 *(.data*)
 *(.gnu.linkonce.d*)
 *(.rodata)
 *(.rodata*)
 .rodata.str1.1
                0x0000000000800116        0x7 rram-usbserial.o
 *(.gnu.linkonce.r*)
                0x000000000080011e                . = ALIGN (0x2)
 *fill*         0x000000000080011d        0x1 
                0x000000000080011e                _edata = .
                0x000000000080011e                PROVIDE (__data_end, .)

.bss            0x000000000080011e      0x158
                0x000000000080011e                PROVIDE (__bss_start, .)
 *(.bss)
 *(.bss*)
 *(COMMON)
 COMMON         0x000000000080011e      0x14e rram-usbserial.o
                0x000000000080011e                TxLEDPulse
                0x000000000080011f                command
                0x000000000080015f                RxLEDPulse
                0x0000000000800160                USARTtoUSB_Buffer
                0x00000000008001e6                USBtoUSART_Buffer
 COMMON         0x000000000080026c        0x1 ../../LUFA/Drivers/USB/HighLevel/DeviceStandardReq.o
                0x000000000080026c                USB_ConfigurationNumber
 COMMON         0x000000000080026d        0x9 ../../LUFA/Drivers/USB/HighLevel/USBTask.o
                0x000000000080026d                USB_IsInitialized
                0x000000000080026e                USB_ControlRequest
                0x0000000000800276                PROVIDE (__bss_end, .)
                0x000000000000115a                __data_load_start = LOADADDR (.data)
                0x0000000000001178                __data_load_end = (__data_load_start + SIZEOF (.data))

.noinit         0x0000000000800276        0x0
                [!provide]                        PROVIDE (__noinit_start, .)
 *(.noinit*)
                [!provide]                        PROVIDE (__noinit_end, .)
                0x0000000000800276                _end = .
                [!provide]                        PROVIDE (__heap_start, .)

.eeprom         0x0000000000810000        0x0
 *(.eeprom*)
                0x0000000000810000                __eeprom_end = .

.fuse
 *(.fuse)
 *(.lfuse)
 *(.hfuse)
 *(.efuse)

.lock
 *(.lock*)

.signature
 *(.signature*)

.user_signatures
 *(.user_signatures*)

.stab
 *(.stab)

.stabstr
 *(.stabstr)

.stab.excl
 *(.stab.excl)

.stab.exclstr
 *(.stab.exclstr)

.stab.index
 *(.stab.index)

.stab.indexstr
 *(.stab.indexstr)

.comment        0x0000000000000000       0x30
 *(.comment)
 .comment       0x0000000000000000       0x30 rram-usbserial.o
                                         0x31 (size before relaxing)
 .comment       0x0000000000000030       0x31 Descriptors.o
 .comment       0x0000000000000030       0x31 ../../LUFA/Drivers/USB/LowLevel/Endpoint.o
 .comment       0x0000000000000030       0x31 ../../LUFA/Drivers/USB/LowLevel/USBController.o
 .comment       0x0000000000000030       0x31 ../../LUFA/Drivers/USB/LowLevel/USBInterrupt.o
 .comment       0x0000000000000030       0x31 ../../LUFA/Drivers/USB/HighLevel/DeviceStandardReq.o
 .comment       0x0000000000000030       0x31 ../../LUFA/Drivers/USB/HighLevel/Events.o
 .comment       0x0000000000000030       0x31 ../../LUFA/Drivers/USB/HighLevel/EndpointStream.o
 .comment       0x0000000000000030       0x31 ../../LUFA/Drivers/USB/HighLevel/USBTask.o
 .comment       0x0000000000000030       0x31 ../../LUFA/Drivers/USB/Class/Device/CDC.o

.note.gnu.avr.deviceinfo
                0x0000000000000000       0x40
 .note.gnu.avr.deviceinfo
                0x0000000000000000       0x40 /nethome/mchang87/Projects/RRAM/atmega16u2/avr8-gnu-toolchain-linux_x86_64/bin/../lib/gcc/avr/5.4.0/../../../../avr/lib/avr35/crtatmega16u2.o

.note.gnu.build-id
 *(.note.gnu.build-id)

.debug
 *(.debug)

.line
 *(.line)

.debug_srcinfo
 *(.debug_srcinfo)

.debug_sfnames
 *(.debug_sfnames)

.debug_aranges  0x0000000000000000      0x320
 *(.debug_aranges)
 .debug_aranges
                0x0000000000000000       0xb0 rram-usbserial.o
 .debug_aranges
                0x00000000000000b0       0x20 Descriptors.o
 .debug_aranges
                0x00000000000000d0       0x38 ../../LUFA/Drivers/USB/LowLevel/Endpoint.o
 .debug_aranges
                0x0000000000000108       0x30 ../../LUFA/Drivers/USB/LowLevel/USBController.o
 .debug_aranges
                0x0000000000000138       0x38 ../../LUFA/Drivers/USB/LowLevel/USBInterrupt.o
 .debug_aranges
                0x0000000000000170       0x20 ../../LUFA/Drivers/USB/HighLevel/DeviceStandardReq.o
 .debug_aranges
                0x0000000000000190       0x20 ../../LUFA/Drivers/USB/HighLevel/Events.o
 .debug_aranges
                0x00000000000001b0       0xc0 ../../LUFA/Drivers/USB/HighLevel/EndpointStream.o
 .debug_aranges
                0x0000000000000270       0x20 ../../LUFA/Drivers/USB/HighLevel/USBTask.o
 .debug_aranges
                0x0000000000000290       0x90 ../../LUFA/Drivers/USB/Class/Device/CDC.o

.debug_pubnames
 *(.debug_pubnames)

.debug_info     0x0000000000000000     0x626b
 *(.debug_info .gnu.linkonce.wi.*)
 .debug_info    0x0000000000000000      0x6ba /nethome/mchang87/Projects/RRAM/atmega16u2/avr8-gnu-toolchain-linux_x86_64/bin/../lib/gcc/avr/5.4.0/../../../../avr/lib/avr35/crtatmega16u2.o
 .debug_info    0x00000000000006ba     0x18e6 rram-usbserial.o
 .debug_info    0x0000000000001fa0      0x669 Descriptors.o
 .debug_info    0x0000000000002609      0x3e1 ../../LUFA/Drivers/USB/LowLevel/Endpoint.o
 .debug_info    0x00000000000029ea      0x3c3 ../../LUFA/Drivers/USB/LowLevel/USBController.o
 .debug_info    0x0000000000002dad      0x43f ../../LUFA/Drivers/USB/LowLevel/USBInterrupt.o
 .debug_info    0x00000000000031ec      0x9f5 ../../LUFA/Drivers/USB/HighLevel/DeviceStandardReq.o
 .debug_info    0x0000000000003be1       0x78 ../../LUFA/Drivers/USB/HighLevel/Events.o
 .debug_info    0x0000000000003c59     0x1630 ../../LUFA/Drivers/USB/HighLevel/EndpointStream.o
 .debug_info    0x0000000000005289      0x23d ../../LUFA/Drivers/USB/HighLevel/USBTask.o
 .debug_info    0x00000000000054c6      0xda5 ../../LUFA/Drivers/USB/Class/Device/CDC.o

.debug_abbrev   0x0000000000000000     0x1afa
 *(.debug_abbrev)
 .debug_abbrev  0x0000000000000000      0x65d /nethome/mchang87/Projects/RRAM/atmega16u2/avr8-gnu-toolchain-linux_x86_64/bin/../lib/gcc/avr/5.4.0/../../../../avr/lib/avr35/crtatmega16u2.o
 .debug_abbrev  0x000000000000065d      0x437 rram-usbserial.o
 .debug_abbrev  0x0000000000000a94      0x151 Descriptors.o
 .debug_abbrev  0x0000000000000be5      0x187 ../../LUFA/Drivers/USB/LowLevel/Endpoint.o
 .debug_abbrev  0x0000000000000d6c      0x1b4 ../../LUFA/Drivers/USB/LowLevel/USBController.o
 .debug_abbrev  0x0000000000000f20      0x214 ../../LUFA/Drivers/USB/LowLevel/USBInterrupt.o
 .debug_abbrev  0x0000000000001134      0x28b ../../LUFA/Drivers/USB/HighLevel/DeviceStandardReq.o
 .debug_abbrev  0x00000000000013bf       0x44 ../../LUFA/Drivers/USB/HighLevel/Events.o
 .debug_abbrev  0x0000000000001403      0x1e7 ../../LUFA/Drivers/USB/HighLevel/EndpointStream.o
 .debug_abbrev  0x00000000000015ea      0x15f ../../LUFA/Drivers/USB/HighLevel/USBTask.o
 .debug_abbrev  0x0000000000001749      0x3b1 ../../LUFA/Drivers/USB/Class/Device/CDC.o

.debug_line     0x0000000000000000     0x36a8
 *(.debug_line .debug_line.* .debug_line_end)
 .debug_line    0x0000000000000000       0x1a /nethome/mchang87/Projects/RRAM/atmega16u2/avr8-gnu-toolchain-linux_x86_64/bin/../lib/gcc/avr/5.4.0/../../../../avr/lib/avr35/crtatmega16u2.o
 .debug_line    0x000000000000001a      0xbbd rram-usbserial.o
 .debug_line    0x0000000000000bd7      0x1d5 Descriptors.o
 .debug_line    0x0000000000000dac      0x33d ../../LUFA/Drivers/USB/LowLevel/Endpoint.o
 .debug_line    0x00000000000010e9      0x26d ../../LUFA/Drivers/USB/LowLevel/USBController.o
 .debug_line    0x0000000000001356      0x3a7 ../../LUFA/Drivers/USB/LowLevel/USBInterrupt.o
 .debug_line    0x00000000000016fd      0x495 ../../LUFA/Drivers/USB/HighLevel/DeviceStandardReq.o
 .debug_line    0x0000000000001b92       0x57 ../../LUFA/Drivers/USB/HighLevel/Events.o
 .debug_line    0x0000000000001be9     0x11d8 ../../LUFA/Drivers/USB/HighLevel/EndpointStream.o
 .debug_line    0x0000000000002dc1      0x1a4 ../../LUFA/Drivers/USB/HighLevel/USBTask.o
 .debug_line    0x0000000000002f65      0x743 ../../LUFA/Drivers/USB/Class/Device/CDC.o

.debug_frame    0x0000000000000000      0x9f0
 *(.debug_frame)
 .debug_frame   0x0000000000000000      0x270 rram-usbserial.o
 .debug_frame   0x0000000000000270       0x24 Descriptors.o
 .debug_frame   0x0000000000000294       0x54 ../../LUFA/Drivers/USB/LowLevel/Endpoint.o
 .debug_frame   0x00000000000002e8       0x44 ../../LUFA/Drivers/USB/LowLevel/USBController.o
 .debug_frame   0x000000000000032c      0x11c ../../LUFA/Drivers/USB/LowLevel/USBInterrupt.o
 .debug_frame   0x0000000000000448       0x44 ../../LUFA/Drivers/USB/HighLevel/DeviceStandardReq.o
 .debug_frame   0x000000000000048c       0x24 ../../LUFA/Drivers/USB/HighLevel/Events.o
 .debug_frame   0x00000000000004b0      0x3a4 ../../LUFA/Drivers/USB/HighLevel/EndpointStream.o
 .debug_frame   0x0000000000000854       0x2c ../../LUFA/Drivers/USB/HighLevel/USBTask.o
 .debug_frame   0x0000000000000880      0x170 ../../LUFA/Drivers/USB/Class/Device/CDC.o

.debug_str      0x0000000000000000     0x23b4
 *(.debug_str)
 .debug_str     0x0000000000000000      0x262 /nethome/mchang87/Projects/RRAM/atmega16u2/avr8-gnu-toolchain-linux_x86_64/bin/../lib/gcc/avr/5.4.0/../../../../avr/lib/avr35/crtatmega16u2.o
 .debug_str     0x0000000000000262      0xa7f rram-usbserial.o
                                        0xb10 (size before relaxing)
 .debug_str     0x0000000000000ce1      0x49d Descriptors.o
                                        0x6c2 (size before relaxing)
 .debug_str     0x000000000000117e      0x398 ../../LUFA/Drivers/USB/LowLevel/Endpoint.o
                                        0x575 (size before relaxing)
 .debug_str     0x0000000000001516      0x1ec ../../LUFA/Drivers/USB/LowLevel/USBController.o
                                        0x48a (size before relaxing)
 .debug_str     0x0000000000001702      0x143 ../../LUFA/Drivers/USB/LowLevel/USBInterrupt.o
                                        0x4e7 (size before relaxing)
 .debug_str     0x0000000000001845      0x3c9 ../../LUFA/Drivers/USB/HighLevel/DeviceStandardReq.o
                                        0x921 (size before relaxing)
 .debug_str     0x0000000000001c0e       0x39 ../../LUFA/Drivers/USB/HighLevel/Events.o
                                        0x1d2 (size before relaxing)
 .debug_str     0x0000000000001c47      0x4d8 ../../LUFA/Drivers/USB/HighLevel/EndpointStream.o
                                        0x8b3 (size before relaxing)
 .debug_str     0x000000000000211f       0x47 ../../LUFA/Drivers/USB/HighLevel/USBTask.o
                                        0x38c (size before relaxing)
 .debug_str     0x0000000000002166      0x24e ../../LUFA/Drivers/USB/Class/Device/CDC.o
                                        0xafc (size before relaxing)

.debug_loc      0x0000000000000000     0x3ac7
 *(.debug_loc)
 .debug_loc     0x0000000000000000      0xd37 rram-usbserial.o
 .debug_loc     0x0000000000000d37      0x186 Descriptors.o
 .debug_loc     0x0000000000000ebd      0x138 ../../LUFA/Drivers/USB/LowLevel/Endpoint.o
 .debug_loc     0x0000000000000ff5       0x3b ../../LUFA/Drivers/USB/LowLevel/USBController.o
 .debug_loc     0x0000000000001030      0x26e ../../LUFA/Drivers/USB/LowLevel/USBInterrupt.o
 .debug_loc     0x000000000000129e      0x32c ../../LUFA/Drivers/USB/HighLevel/DeviceStandardReq.o
 .debug_loc     0x00000000000015ca     0x1bd7 ../../LUFA/Drivers/USB/HighLevel/EndpointStream.o
 .debug_loc     0x00000000000031a1       0x49 ../../LUFA/Drivers/USB/HighLevel/USBTask.o
 .debug_loc     0x00000000000031ea      0x8dd ../../LUFA/Drivers/USB/Class/Device/CDC.o

.debug_macinfo
 *(.debug_macinfo)

.debug_weaknames
 *(.debug_weaknames)

.debug_funcnames
 *(.debug_funcnames)

.debug_typenames
 *(.debug_typenames)

.debug_varnames
 *(.debug_varnames)

.debug_pubtypes
 *(.debug_pubtypes)

.debug_ranges   0x0000000000000000      0x4e8
 *(.debug_ranges)
 .debug_ranges  0x0000000000000000       0xe8 rram-usbserial.o
 .debug_ranges  0x00000000000000e8       0x28 Descriptors.o
 .debug_ranges  0x0000000000000110       0x40 ../../LUFA/Drivers/USB/LowLevel/Endpoint.o
 .debug_ranges  0x0000000000000150       0x20 ../../LUFA/Drivers/USB/LowLevel/USBController.o
 .debug_ranges  0x0000000000000170       0x28 ../../LUFA/Drivers/USB/LowLevel/USBInterrupt.o
 .debug_ranges  0x0000000000000198       0x10 ../../LUFA/Drivers/USB/HighLevel/DeviceStandardReq.o
 .debug_ranges  0x00000000000001a8       0x10 ../../LUFA/Drivers/USB/HighLevel/Events.o
 .debug_ranges  0x00000000000001b8      0x270 ../../LUFA/Drivers/USB/HighLevel/EndpointStream.o
 .debug_ranges  0x0000000000000428       0x10 ../../LUFA/Drivers/USB/HighLevel/USBTask.o
 .debug_ranges  0x0000000000000438       0xb0 ../../LUFA/Drivers/USB/Class/Device/CDC.o

.debug_macro
 *(.debug_macro)
OUTPUT(rram-usbserial.elf elf32-avr)
LOAD linker stubs

Cross Reference Table

Symbol                                            File
Audio_Device_ConfigureEndpoints                   ../../LUFA/Drivers/USB/Class/Device/Audio.o
Audio_Device_ProcessControlRequest                ../../LUFA/Drivers/USB/Class/Device/Audio.o
CALLBACK_HID_Device_CreateHIDReport               ../../LUFA/Drivers/USB/Class/Device/HID.o
CALLBACK_HID_Device_ProcessHIDReport              ../../LUFA/Drivers/USB/Class/Device/HID.o
CALLBACK_MS_Device_SCSICommandReceived            ../../LUFA/Drivers/USB/Class/Device/MassStorage.o
CALLBACK_USB_GetDescriptor                        Descriptors.o
                                                  ../../LUFA/Drivers/USB/HighLevel/DeviceStandardReq.o
CDC_Device_BytesReceived                          ../../LUFA/Drivers/USB/Class/Device/CDC.o
CDC_Device_ConfigureEndpoints                     ../../LUFA/Drivers/USB/Class/Device/CDC.o
                                                  rram-usbserial.o
CDC_Device_CreateBlockingStream                   ../../LUFA/Drivers/USB/Class/Device/CDC.o
CDC_Device_CreateStream                           ../../LUFA/Drivers/USB/Class/Device/CDC.o
CDC_Device_Event_Stub                             ../../LUFA/Drivers/USB/Class/Device/CDC.o
CDC_Device_Flush                                  ../../LUFA/Drivers/USB/Class/Device/CDC.o
CDC_Device_ProcessControlRequest                  ../../LUFA/Drivers/USB/Class/Device/CDC.o
                                                  rram-usbserial.o
CDC_Device_ReceiveByte                            ../../LUFA/Drivers/USB/Class/Device/CDC.o
                                                  rram-usbserial.o
CDC_Device_SendByte                               ../../LUFA/Drivers/USB/Class/Device/CDC.o
                                                  rram-usbserial.o
CDC_Device_SendControlLineStateChange             ../../LUFA/Drivers/USB/Class/Device/CDC.o
CDC_Device_SendString                             ../../LUFA/Drivers/USB/Class/Device/CDC.o
CDC_Device_USBTask                                ../../LUFA/Drivers/USB/Class/Device/CDC.o
                                                  rram-usbserial.o
ConfigurationDescriptor                           Descriptors.o
DeviceDescriptor                                  Descriptors.o
EVENT_CDC_Device_BreakSent                        ../../LUFA/Drivers/USB/Class/Device/CDC.o
EVENT_CDC_Device_ControLineStateChanged           rram-usbserial.o
EVENT_CDC_Device_LineEncodingChanged              rram-usbserial.o
EVENT_USB_Device_ConfigurationChanged             rram-usbserial.o
                                                  ../../LUFA/Drivers/USB/HighLevel/DeviceStandardReq.o
EVENT_USB_Device_Connect                          ../../LUFA/Drivers/USB/HighLevel/Events.o
                                                  ../../LUFA/Drivers/USB/LowLevel/USBInterrupt.o
EVENT_USB_Device_Disconnect                       ../../LUFA/Drivers/USB/HighLevel/Events.o
                                                  ../../LUFA/Drivers/USB/LowLevel/USBInterrupt.o
EVENT_USB_Device_Reset                            ../../LUFA/Drivers/USB/HighLevel/Events.o
                                                  ../../LUFA/Drivers/USB/LowLevel/USBInterrupt.o
EVENT_USB_Device_StartOfFrame                     ../../LUFA/Drivers/USB/HighLevel/Events.o
                                                  ../../LUFA/Drivers/USB/LowLevel/USBInterrupt.o
EVENT_USB_Device_Suspend                          ../../LUFA/Drivers/USB/HighLevel/Events.o
EVENT_USB_Device_UnhandledControlRequest          rram-usbserial.o
                                                  ../../LUFA/Drivers/USB/HighLevel/DeviceStandardReq.o
EVENT_USB_Device_WakeUp                           ../../LUFA/Drivers/USB/HighLevel/Events.o
Endpoint_ClearEndpoints                           ../../LUFA/Drivers/USB/LowLevel/Endpoint.o
Endpoint_ClearStatusStage                         ../../LUFA/Drivers/USB/LowLevel/Endpoint.o
                                                  ../../LUFA/Drivers/USB/Class/Device/MassStorage.o
                                                  ../../LUFA/Drivers/USB/Class/Device/HID.o
                                                  ../../LUFA/Drivers/USB/Class/Device/CDC.o
                                                  ../../LUFA/Drivers/USB/Class/Device/Audio.o
                                                  ../../LUFA/Drivers/USB/HighLevel/DeviceStandardReq.o
Endpoint_ConfigureEndpoint_Prv                    ../../LUFA/Drivers/USB/LowLevel/Endpoint.o
                                                  ../../LUFA/Drivers/USB/Class/Device/RNDIS.o
                                                  ../../LUFA/Drivers/USB/Class/Device/MIDI.o
                                                  ../../LUFA/Drivers/USB/Class/Device/MassStorage.o
                                                  ../../LUFA/Drivers/USB/Class/Device/HID.o
                                                  ../../LUFA/Drivers/USB/Class/Device/CDC.o
                                                  ../../LUFA/Drivers/USB/Class/Device/Audio.o
                                                  ../../LUFA/Drivers/USB/LowLevel/USBInterrupt.o
                                                  ../../LUFA/Drivers/USB/LowLevel/USBController.o
Endpoint_Discard_Stream                           ../../LUFA/Drivers/USB/HighLevel/EndpointStream.o
Endpoint_Read_Control_EStream_BE                  ../../LUFA/Drivers/USB/HighLevel/EndpointStream.o
Endpoint_Read_Control_EStream_LE                  ../../LUFA/Drivers/USB/HighLevel/EndpointStream.o
Endpoint_Read_Control_Stream_BE                   ../../LUFA/Drivers/USB/HighLevel/EndpointStream.o
Endpoint_Read_Control_Stream_LE                   ../../LUFA/Drivers/USB/HighLevel/EndpointStream.o
                                                  ../../LUFA/Drivers/USB/Class/Device/RNDIS.o
                                                  ../../LUFA/Drivers/USB/Class/Device/HID.o
                                                  ../../LUFA/Drivers/USB/Class/Device/CDC.o
Endpoint_Read_EStream_BE                          ../../LUFA/Drivers/USB/HighLevel/EndpointStream.o
Endpoint_Read_EStream_LE                          ../../LUFA/Drivers/USB/HighLevel/EndpointStream.o
Endpoint_Read_Stream_BE                           ../../LUFA/Drivers/USB/HighLevel/EndpointStream.o
Endpoint_Read_Stream_LE                           ../../LUFA/Drivers/USB/HighLevel/EndpointStream.o
                                                  ../../LUFA/Drivers/USB/Class/Device/RNDIS.o
                                                  ../../LUFA/Drivers/USB/Class/Device/MIDI.o
                                                  ../../LUFA/Drivers/USB/Class/Device/MassStorage.o
Endpoint_WaitUntilReady                           ../../LUFA/Drivers/USB/LowLevel/Endpoint.o
                                                  ../../LUFA/Drivers/USB/Class/Device/MIDI.o
                                                  ../../LUFA/Drivers/USB/Class/Device/CDC.o
                                                  ../../LUFA/Drivers/USB/HighLevel/EndpointStream.o
Endpoint_Write_Control_EStream_BE                 ../../LUFA/Drivers/USB/HighLevel/EndpointStream.o
Endpoint_Write_Control_EStream_LE                 ../../LUFA/Drivers/USB/HighLevel/EndpointStream.o
Endpoint_Write_Control_PStream_BE                 ../../LUFA/Drivers/USB/HighLevel/EndpointStream.o
Endpoint_Write_Control_PStream_LE                 ../../LUFA/Drivers/USB/HighLevel/EndpointStream.o
                                                  ../../LUFA/Drivers/USB/HighLevel/DeviceStandardReq.o
Endpoint_Write_Control_Stream_BE                  ../../LUFA/Drivers/USB/HighLevel/EndpointStream.o
Endpoint_Write_Control_Stream_LE                  ../../LUFA/Drivers/USB/HighLevel/EndpointStream.o
                                                  ../../LUFA/Drivers/USB/Class/Device/RNDIS.o
                                                  ../../LUFA/Drivers/USB/Class/Device/HID.o
                                                  ../../LUFA/Drivers/USB/Class/Device/CDC.o
                                                  ../../LUFA/Drivers/USB/HighLevel/DeviceStandardReq.o
Endpoint_Write_EStream_BE                         ../../LUFA/Drivers/USB/HighLevel/EndpointStream.o
Endpoint_Write_EStream_LE                         ../../LUFA/Drivers/USB/HighLevel/EndpointStream.o
Endpoint_Write_PStream_BE                         ../../LUFA/Drivers/USB/HighLevel/EndpointStream.o
Endpoint_Write_PStream_LE                         ../../LUFA/Drivers/USB/HighLevel/EndpointStream.o
Endpoint_Write_Stream_BE                          ../../LUFA/Drivers/USB/HighLevel/EndpointStream.o
Endpoint_Write_Stream_LE                          ../../LUFA/Drivers/USB/HighLevel/EndpointStream.o
                                                  ../../LUFA/Drivers/USB/Class/Device/RNDIS.o
                                                  ../../LUFA/Drivers/USB/Class/Device/MIDI.o
                                                  ../../LUFA/Drivers/USB/Class/Device/MassStorage.o
                                                  ../../LUFA/Drivers/USB/Class/Device/HID.o
                                                  ../../LUFA/Drivers/USB/Class/Device/CDC.o
HID_Device_ConfigureEndpoints                     ../../LUFA/Drivers/USB/Class/Device/HID.o
HID_Device_ProcessControlRequest                  ../../LUFA/Drivers/USB/Class/Device/HID.o
HID_Device_USBTask                                ../../LUFA/Drivers/USB/Class/Device/HID.o
LanguageString                                    Descriptors.o
MIDI_Device_ConfigureEndpoints                    ../../LUFA/Drivers/USB/Class/Device/MIDI.o
MIDI_Device_Flush                                 ../../LUFA/Drivers/USB/Class/Device/MIDI.o
MIDI_Device_ReceiveEventPacket                    ../../LUFA/Drivers/USB/Class/Device/MIDI.o
MIDI_Device_SendEventPacket                       ../../LUFA/Drivers/USB/Class/Device/MIDI.o
MS_Device_ConfigureEndpoints                      ../../LUFA/Drivers/USB/Class/Device/MassStorage.o
MS_Device_ProcessControlRequest                   ../../LUFA/Drivers/USB/Class/Device/MassStorage.o
MS_Device_USBTask                                 ../../LUFA/Drivers/USB/Class/Device/MassStorage.o
ManufacturerString                                Descriptors.o
ProductString                                     Descriptors.o
RNDIS_Device_ConfigureEndpoints                   ../../LUFA/Drivers/USB/Class/Device/RNDIS.o
RNDIS_Device_ProcessControlRequest                ../../LUFA/Drivers/USB/Class/Device/RNDIS.o
RNDIS_Device_USBTask                              ../../LUFA/Drivers/USB/Class/Device/RNDIS.o
RxLEDPulse                                        rram-usbserial.o
SetupHardware                                     rram-usbserial.o
TxLEDPulse                                        rram-usbserial.o
USARTtoUSB_Buffer                                 rram-usbserial.o
USB_ConfigurationNumber                           ../../LUFA/Drivers/USB/HighLevel/DeviceStandardReq.o
                                                  ../../LUFA/Drivers/USB/LowLevel/USBInterrupt.o
                                                  ../../LUFA/Drivers/USB/LowLevel/USBController.o
USB_ControlRequest                                ../../LUFA/Drivers/USB/HighLevel/USBTask.o
                                                  ../../LUFA/Drivers/USB/Class/Device/RNDIS.o
                                                  ../../LUFA/Drivers/USB/Class/Device/MassStorage.o
                                                  ../../LUFA/Drivers/USB/Class/Device/HID.o
                                                  ../../LUFA/Drivers/USB/Class/Device/CDC.o
                                                  ../../LUFA/Drivers/USB/Class/Device/Audio.o
                                                  ../../LUFA/Drivers/USB/HighLevel/EndpointStream.o
                                                  ../../LUFA/Drivers/USB/HighLevel/DeviceStandardReq.o
                                                  ../../LUFA/Drivers/USB/LowLevel/Endpoint.o
USB_Device_ProcessControlRequest                  ../../LUFA/Drivers/USB/HighLevel/DeviceStandardReq.o
                                                  ../../LUFA/Drivers/USB/HighLevel/USBTask.o
                                                  ../../LUFA/Drivers/USB/LowLevel/USBInterrupt.o
USB_Device_SendRemoteWakeup                       ../../LUFA/Drivers/USB/LowLevel/Device.o
USB_Event_Stub                                    ../../LUFA/Drivers/USB/HighLevel/Events.o
USB_GetNextDescriptorComp                         ../../LUFA/Drivers/USB/HighLevel/ConfigDescriptor.o
USB_GetNextDescriptorOfType                       ../../LUFA/Drivers/USB/HighLevel/ConfigDescriptor.o
USB_GetNextDescriptorOfTypeAfter                  ../../LUFA/Drivers/USB/HighLevel/ConfigDescriptor.o
USB_GetNextDescriptorOfTypeBefore                 ../../LUFA/Drivers/USB/HighLevel/ConfigDescriptor.o
USB_INT_ClearAllInterrupts                        ../../LUFA/Drivers/USB/LowLevel/USBInterrupt.o
                                                  ../../LUFA/Drivers/USB/LowLevel/USBController.o
USB_INT_DisableAllInterrupts                      ../../LUFA/Drivers/USB/LowLevel/USBInterrupt.o
                                                  ../../LUFA/Drivers/USB/LowLevel/USBController.o
USB_Init                                          ../../LUFA/Drivers/USB/LowLevel/USBController.o
                                                  rram-usbserial.o
USB_IsInitialized                                 ../../LUFA/Drivers/USB/HighLevel/USBTask.o
                                                  ../../LUFA/Drivers/USB/LowLevel/USBController.o
USB_ResetInterface                                ../../LUFA/Drivers/USB/LowLevel/USBController.o
USB_ShutDown                                      ../../LUFA/Drivers/USB/LowLevel/USBController.o
USB_USBTask                                       ../../LUFA/Drivers/USB/HighLevel/USBTask.o
                                                  ../../LUFA/Drivers/USB/Class/Device/CDC.o
                                                  rram-usbserial.o
USBtoUSART_Buffer                                 rram-usbserial.o
VirtualSerial_CDC_Interface                       rram-usbserial.o
Write_Program                                     rram-usbserial.o
__DATA_REGION_LENGTH__                            /nethome/mchang87/Projects/RRAM/atmega16u2/avr8-gnu-toolchain-linux_x86_64/bin/../lib/gcc/avr/5.4.0/../../../../avr/lib/avr35/crtatmega16u2.o
__DATA_REGION_ORIGIN__                            /nethome/mchang87/Projects/RRAM/atmega16u2/avr8-gnu-toolchain-linux_x86_64/bin/../lib/gcc/avr/5.4.0/../../../../avr/lib/avr35/crtatmega16u2.o
__EEPROM_REGION_LENGTH__                          /nethome/mchang87/Projects/RRAM/atmega16u2/avr8-gnu-toolchain-linux_x86_64/bin/../lib/gcc/avr/5.4.0/../../../../avr/lib/avr35/crtatmega16u2.o
__FUSE_REGION_LENGTH__                            /nethome/mchang87/Projects/RRAM/atmega16u2/avr8-gnu-toolchain-linux_x86_64/bin/../lib/gcc/avr/5.4.0/../../../../avr/lib/avr35/crtatmega16u2.o
__TEXT_REGION_LENGTH__                            /nethome/mchang87/Projects/RRAM/atmega16u2/avr8-gnu-toolchain-linux_x86_64/bin/../lib/gcc/avr/5.4.0/../../../../avr/lib/avr35/crtatmega16u2.o
__bad_interrupt                                   /nethome/mchang87/Projects/RRAM/atmega16u2/avr8-gnu-toolchain-linux_x86_64/bin/../lib/gcc/avr/5.4.0/../../../../avr/lib/avr35/crtatmega16u2.o
__bss_end                                         /nethome/mchang87/Projects/RRAM/atmega16u2/avr8-gnu-toolchain-linux_x86_64/bin/../lib/gcc/avr/5.4.0/avr35/libgcc.a(_clear_bss.o)
__bss_start                                       /nethome/mchang87/Projects/RRAM/atmega16u2/avr8-gnu-toolchain-linux_x86_64/bin/../lib/gcc/avr/5.4.0/avr35/libgcc.a(_clear_bss.o)
__data_end                                        /nethome/mchang87/Projects/RRAM/atmega16u2/avr8-gnu-toolchain-linux_x86_64/bin/../lib/gcc/avr/5.4.0/avr35/libgcc.a(_copy_data.o)
__data_load_start                                 /nethome/mchang87/Projects/RRAM/atmega16u2/avr8-gnu-toolchain-linux_x86_64/bin/../lib/gcc/avr/5.4.0/avr35/libgcc.a(_copy_data.o)
__data_start                                      /nethome/mchang87/Projects/RRAM/atmega16u2/avr8-gnu-toolchain-linux_x86_64/bin/../lib/gcc/avr/5.4.0/avr35/libgcc.a(_copy_data.o)
__do_clear_bss                                    /nethome/mchang87/Projects/RRAM/atmega16u2/avr8-gnu-toolchain-linux_x86_64/bin/../lib/gcc/avr/5.4.0/avr35/libgcc.a(_clear_bss.o)
                                                  ../../LUFA/Drivers/USB/Class/Device/MassStorage.o
                                                  ../../LUFA/Drivers/USB/HighLevel/USBTask.o
                                                  ../../LUFA/Drivers/USB/HighLevel/DeviceStandardReq.o
                                                  rram-usbserial.o
__do_copy_data                                    /nethome/mchang87/Projects/RRAM/atmega16u2/avr8-gnu-toolchain-linux_x86_64/bin/../lib/gcc/avr/5.4.0/avr35/libgcc.a(_copy_data.o)
                                                  ../../LUFA/Drivers/USB/Class/Device/RNDIS.o
                                                  ../../LUFA/Drivers/USB/Class/Device/CDC.o
                                                  rram-usbserial.o
__heap_end                                        /nethome/mchang87/Projects/RRAM/atmega16u2/avr8-gnu-toolchain-linux_x86_64/bin/../lib/gcc/avr/5.4.0/../../../../avr/lib/avr35/crtatmega16u2.o
__init                                            /nethome/mchang87/Projects/RRAM/atmega16u2/avr8-gnu-toolchain-linux_x86_64/bin/../lib/gcc/avr/5.4.0/../../../../avr/lib/avr35/crtatmega16u2.o
__stack                                           /nethome/mchang87/Projects/RRAM/atmega16u2/avr8-gnu-toolchain-linux_x86_64/bin/../lib/gcc/avr/5.4.0/../../../../avr/lib/avr35/crtatmega16u2.o
__tablejump2__                                    /nethome/mchang87/Projects/RRAM/atmega16u2/avr8-gnu-toolchain-linux_x86_64/bin/../lib/gcc/avr/5.4.0/avr35/libgcc.a(_tablejump2.o)
                                                  ../../LUFA/Drivers/USB/HighLevel/DeviceStandardReq.o
__udivmodsi4                                      /nethome/mchang87/Projects/RRAM/atmega16u2/avr8-gnu-toolchain-linux_x86_64/bin/../lib/gcc/avr/5.4.0/avr35/libgcc.a(_udivmodsi4.o)
                                                  rram-usbserial.o
__vector_1                                        /nethome/mchang87/Projects/RRAM/atmega16u2/avr8-gnu-toolchain-linux_x86_64/bin/../lib/gcc/avr/5.4.0/../../../../avr/lib/avr35/crtatmega16u2.o
__vector_10                                       rram-usbserial.o
                                                  /nethome/mchang87/Projects/RRAM/atmega16u2/avr8-gnu-toolchain-linux_x86_64/bin/../lib/gcc/avr/5.4.0/../../../../avr/lib/avr35/crtatmega16u2.o
__vector_11                                       ../../LUFA/Drivers/USB/LowLevel/USBInterrupt.o
                                                  /nethome/mchang87/Projects/RRAM/atmega16u2/avr8-gnu-toolchain-linux_x86_64/bin/../lib/gcc/avr/5.4.0/../../../../avr/lib/avr35/crtatmega16u2.o
__vector_12                                       ../../LUFA/Drivers/USB/LowLevel/USBInterrupt.o
                                                  /nethome/mchang87/Projects/RRAM/atmega16u2/avr8-gnu-toolchain-linux_x86_64/bin/../lib/gcc/avr/5.4.0/../../../../avr/lib/avr35/crtatmega16u2.o
__vector_13                                       /nethome/mchang87/Projects/RRAM/atmega16u2/avr8-gnu-toolchain-linux_x86_64/bin/../lib/gcc/avr/5.4.0/../../../../avr/lib/avr35/crtatmega16u2.o
__vector_14                                       /nethome/mchang87/Projects/RRAM/atmega16u2/avr8-gnu-toolchain-linux_x86_64/bin/../lib/gcc/avr/5.4.0/../../../../avr/lib/avr35/crtatmega16u2.o
__vector_15                                       /nethome/mchang87/Projects/RRAM/atmega16u2/avr8-gnu-toolchain-linux_x86_64/bin/../lib/gcc/avr/5.4.0/../../../../avr/lib/avr35/crtatmega16u2.o
__vector_16                                       /nethome/mchang87/Projects/RRAM/atmega16u2/avr8-gnu-toolchain-linux_x86_64/bin/../lib/gcc/avr/5.4.0/../../../../avr/lib/avr35/crtatmega16u2.o
__vector_17                                       /nethome/mchang87/Projects/RRAM/atmega16u2/avr8-gnu-toolchain-linux_x86_64/bin/../lib/gcc/avr/5.4.0/../../../../avr/lib/avr35/crtatmega16u2.o
__vector_18                                       /nethome/mchang87/Projects/RRAM/atmega16u2/avr8-gnu-toolchain-linux_x86_64/bin/../lib/gcc/avr/5.4.0/../../../../avr/lib/avr35/crtatmega16u2.o
__vector_19                                       /nethome/mchang87/Projects/RRAM/atmega16u2/avr8-gnu-toolchain-linux_x86_64/bin/../lib/gcc/avr/5.4.0/../../../../avr/lib/avr35/crtatmega16u2.o
__vector_2                                        /nethome/mchang87/Projects/RRAM/atmega16u2/avr8-gnu-toolchain-linux_x86_64/bin/../lib/gcc/avr/5.4.0/../../../../avr/lib/avr35/crtatmega16u2.o
__vector_20                                       /nethome/mchang87/Projects/RRAM/atmega16u2/avr8-gnu-toolchain-linux_x86_64/bin/../lib/gcc/avr/5.4.0/../../../../avr/lib/avr35/crtatmega16u2.o
__vector_21                                       /nethome/mchang87/Projects/RRAM/atmega16u2/avr8-gnu-toolchain-linux_x86_64/bin/../lib/gcc/avr/5.4.0/../../../../avr/lib/avr35/crtatmega16u2.o
__vector_22                                       /nethome/mchang87/Projects/RRAM/atmega16u2/avr8-gnu-toolchain-linux_x86_64/bin/../lib/gcc/avr/5.4.0/../../../../avr/lib/avr35/crtatmega16u2.o
__vector_23                                       rram-usbserial.o
                                                  /nethome/mchang87/Projects/RRAM/atmega16u2/avr8-gnu-toolchain-linux_x86_64/bin/../lib/gcc/avr/5.4.0/../../../../avr/lib/avr35/crtatmega16u2.o
__vector_24                                       /nethome/mchang87/Projects/RRAM/atmega16u2/avr8-gnu-toolchain-linux_x86_64/bin/../lib/gcc/avr/5.4.0/../../../../avr/lib/avr35/crtatmega16u2.o
__vector_25                                       /nethome/mchang87/Projects/RRAM/atmega16u2/avr8-gnu-toolchain-linux_x86_64/bin/../lib/gcc/avr/5.4.0/../../../../avr/lib/avr35/crtatmega16u2.o
__vector_26                                       /nethome/mchang87/Projects/RRAM/atmega16u2/avr8-gnu-toolchain-linux_x86_64/bin/../lib/gcc/avr/5.4.0/../../../../avr/lib/avr35/crtatmega16u2.o
__vector_27                                       /nethome/mchang87/Projects/RRAM/atmega16u2/avr8-gnu-toolchain-linux_x86_64/bin/../lib/gcc/avr/5.4.0/../../../../avr/lib/avr35/crtatmega16u2.o
__vector_28                                       /nethome/mchang87/Projects/RRAM/atmega16u2/avr8-gnu-toolchain-linux_x86_64/bin/../lib/gcc/avr/5.4.0/../../../../avr/lib/avr35/crtatmega16u2.o
__vector_3                                        /nethome/mchang87/Projects/RRAM/atmega16u2/avr8-gnu-toolchain-linux_x86_64/bin/../lib/gcc/avr/5.4.0/../../../../avr/lib/avr35/crtatmega16u2.o
__vector_4                                        /nethome/mchang87/Projects/RRAM/atmega16u2/avr8-gnu-toolchain-linux_x86_64/bin/../lib/gcc/avr/5.4.0/../../../../avr/lib/avr35/crtatmega16u2.o
__vector_5                                        /nethome/mchang87/Projects/RRAM/atmega16u2/avr8-gnu-toolchain-linux_x86_64/bin/../lib/gcc/avr/5.4.0/../../../../avr/lib/avr35/crtatmega16u2.o
__vector_6                                        /nethome/mchang87/Projects/RRAM/atmega16u2/avr8-gnu-toolchain-linux_x86_64/bin/../lib/gcc/avr/5.4.0/../../../../avr/lib/avr35/crtatmega16u2.o
__vector_7                                        /nethome/mchang87/Projects/RRAM/atmega16u2/avr8-gnu-toolchain-linux_x86_64/bin/../lib/gcc/avr/5.4.0/../../../../avr/lib/avr35/crtatmega16u2.o
__vector_8                                        /nethome/mchang87/Projects/RRAM/atmega16u2/avr8-gnu-toolchain-linux_x86_64/bin/../lib/gcc/avr/5.4.0/../../../../avr/lib/avr35/crtatmega16u2.o
__vector_9                                        rram-usbserial.o
                                                  /nethome/mchang87/Projects/RRAM/atmega16u2/avr8-gnu-toolchain-linux_x86_64/bin/../lib/gcc/avr/5.4.0/../../../../avr/lib/avr35/crtatmega16u2.o
__vector_default                                  /nethome/mchang87/Projects/RRAM/atmega16u2/avr8-gnu-toolchain-linux_x86_64/bin/../lib/gcc/avr/5.4.0/../../../../avr/lib/avr35/crtatmega16u2.o
__vectors                                         /nethome/mchang87/Projects/RRAM/atmega16u2/avr8-gnu-toolchain-linux_x86_64/bin/../lib/gcc/avr/5.4.0/../../../../avr/lib/avr35/crtatmega16u2.o
_exit                                             /nethome/mchang87/Projects/RRAM/atmega16u2/avr8-gnu-toolchain-linux_x86_64/bin/../lib/gcc/avr/5.4.0/avr35/libgcc.a(_exit.o)
command                                           rram-usbserial.o
eeprom_read_byte                                  /nethome/mchang87/Projects/RRAM/atmega16u2/avr8-gnu-toolchain-linux_x86_64/bin/../lib/gcc/avr/5.4.0/../../../../avr/lib/avr35/libatmega16u2.a(eerd_byte.o)
                                                  ../../LUFA/Drivers/USB/HighLevel/EndpointStream.o
eeprom_update_byte                                /nethome/mchang87/Projects/RRAM/atmega16u2/avr8-gnu-toolchain-linux_x86_64/bin/../lib/gcc/avr/5.4.0/../../../../avr/lib/avr35/libatmega16u2.a(eeupd_byte.o)
                                                  ../../LUFA/Drivers/USB/HighLevel/EndpointStream.o
eeprom_update_r18                                 /nethome/mchang87/Projects/RRAM/atmega16u2/avr8-gnu-toolchain-linux_x86_64/bin/../lib/gcc/avr/5.4.0/../../../../avr/lib/avr35/libatmega16u2.a(eeupd_byte.o)
exit                                              /nethome/mchang87/Projects/RRAM/atmega16u2/avr8-gnu-toolchain-linux_x86_64/bin/../lib/gcc/avr/5.4.0/avr35/libgcc.a(_exit.o)
                                                  /nethome/mchang87/Projects/RRAM/atmega16u2/avr8-gnu-toolchain-linux_x86_64/bin/../lib/gcc/avr/5.4.0/../../../../avr/lib/avr35/crtatmega16u2.o
getParity                                         rram-usbserial.o
main                                              rram-usbserial.o
                                                  /nethome/mchang87/Projects/RRAM/atmega16u2/avr8-gnu-toolchain-linux_x86_64/bin/../lib/gcc/avr/5.4.0/../../../../avr/lib/avr35/crtatmega16u2.o
memcmp                                            /nethome/mchang87/Projects/RRAM/atmega16u2/avr8-gnu-toolchain-linux_x86_64/bin/../lib/gcc/avr/5.4.0/../../../../avr/lib/avr35/libc.a(memcmp.o)
                                                  ../../LUFA/Drivers/USB/Class/Device/HID.o
memcpy                                            /nethome/mchang87/Projects/RRAM/atmega16u2/avr8-gnu-toolchain-linux_x86_64/bin/../lib/gcc/avr/5.4.0/../../../../avr/lib/avr35/libc.a(memcpy.o)
                                                  ../../LUFA/Drivers/USB/Class/Device/RNDIS.o
                                                  ../../LUFA/Drivers/USB/Class/Device/HID.o
memcpy_P                                          /nethome/mchang87/Projects/RRAM/atmega16u2/avr8-gnu-toolchain-linux_x86_64/bin/../lib/gcc/avr/5.4.0/../../../../avr/lib/avr35/libc.a(memcpy_P.o)
                                                  ../../LUFA/Drivers/USB/Class/Device/RNDIS.o
memset                                            /nethome/mchang87/Projects/RRAM/atmega16u2/avr8-gnu-toolchain-linux_x86_64/bin/../lib/gcc/avr/5.4.0/../../../../avr/lib/avr35/libc.a(memset.o)
                                                  ../../LUFA/Drivers/USB/Class/Device/HID.o
